{"#document":{"xml":{"#attributes":{"version":"1.0"}},"note":{"to":{"#text":"Tove"},"from":{"#text":"Jani"},"heading":{"#text":"Reminder"},"body":{"#text":"Don't forget me this weekend!"}}}}
